{
  "Resources": {
    "Bucket83908E77": {
      "Type": "AWS::S3::Bucket",
      "Properties": {
        "WebsiteConfiguration": {
          "ErrorDocument": "index.html",
          "IndexDocument": "index.html"
        }
      },
      "UpdateReplacePolicy": "Delete",
      "DeletionPolicy": "Delete"
    },
    "BucketPolicyE9A3008A": {
      "Type": "AWS::S3::BucketPolicy",
      "Properties": {
        "Bucket": {
          "Ref": "Bucket83908E77"
        },
        "PolicyDocument": {
          "Statement": [
            {
              "Action": "s3:GetObject",
              "Effect": "Allow",
              "Principal": {
                "AWS": "*"
              },
              "Resource": {
                "Fn::Join": [
                  "",
                  [
                    {
                      "Fn::GetAtt": ["Bucket83908E77", "Arn"]
                    },
                    "/*"
                  ]
                ]
              }
            }
          ],
          "Version": "2012-10-17"
        }
      }
    }
  },
  "Outputs": {
    "bucketName": {
      "Description": "Name of the bucket that stores the static website.",
      "Value": {
        "Ref": "Bucket83908E77"
      }
    },
    "domain": {
      "Description": "Website domain name.",
      "Value": {
        "Fn::Select": [
          2,
          {
            "Fn::Split": [
              "/",
              {
                "Fn::GetAtt": ["Bucket83908E77", "WebsiteURL"]
              }
            ]
          }
        ]
      }
    },
    "url": {
      "Description": "Website URL.",
      "Value": {
        "Fn::Join": [
          "",
          [
            "http://",
            {
              "Fn::Select": [
                2,
                {
                  "Fn::Split": [
                    "/",
                    {
                      "Fn::GetAtt": ["Bucket83908E77", "WebsiteURL"]
                    }
                  ]
                }
              ]
            }
          ]
        ]
      }
    }
  },
  "Parameters": {
    "BootstrapVersion": {
      "Type": "AWS::SSM::Parameter::Value<String>",
      "Default": "/cdk-bootstrap/hnb659fds/version",
      "Description": "Version of the CDK Bootstrap resources in this environment, automatically retrieved from SSM Parameter Store. [cdk:skip]"
    }
  },
  "Rules": {
    "CheckBootstrapVersion": {
      "Assertions": [
        {
          "Assert": {
            "Fn::Not": [
              {
                "Fn::Contains": [
                  ["1", "2", "3", "4", "5"],
                  {
                    "Ref": "BootstrapVersion"
                  }
                ]
              }
            ]
          },
          "AssertDescription": "CDK bootstrap stack version 6 required. Please run 'cdk bootstrap' with a recent version of the CDK CLI."
        }
      ]
    }
  }
}
